RNBQKBNR
PPPPPPPP
 _ _ _ _
_ _ _ _ 
 _ _ _ _
_ _ _ _ 
pppppppp
rnbqkbnr

it is White's turn
RNBQKBNR
PPPPPPPP
 _ _ _ _
_ _ _ _ 
 _ _ _ _
_ n _ _ 
pppppppp
r bqkbnr

it is Black's turn
R_BQKBNR
PPPPPPPP
 _N_ _ _
_ _ _ _ 
 _ _ _ _
_ n _ _ 
pppppppp
r bqkbnr

it is White's turn
R_BQKBNR
PPPPPPPP
 _N_ _ _
_ _ _ _ 
n_ _ _ _
_ _ _ _ 
pppppppp
r bqkbnr

it is Black's turn
R_BQKBNR
PPPPPPPP
 _ _ _ _
_ _ N _ 
n_ _ _ _
_ _ _ _ 
pppppppp
r bqkbnr

it is White's turn

