RNBQKBNR
PPPPPPPP
 _ _ _ _
_ _ _ _ 
 _ _ _ _
_ _ _ _ 
pppppppp
rnbqkbnr

it is White's turn
RNBQKBNR
PPPPPPPP
 _ _ _ _
_ _ _ _ 
 _ _ _ _
n _ _ _ 
pppppppp
r bqkbnr

it is Black's turn
R_BQKBNR
PPPPPPPP
N_ _ _ _
_ _ _ _ 
 _ _ _ _
n _ _ _ 
pppppppp
r bqkbnr

it is White's turn
R_BQKBNR
PPPPPPPP
N_ _ _ _
_ _ _ _ 
 _n_ _ _
_ _ _ _ 
pppppppp
r bqkbnr

it is Black's turn
R_BQKBNR
PPPPPPPP
 _ _ _ _
_ N _ _ 
 _n_ _ _
_ _ _ _ 
pppppppp
r bqkbnr

it is White's turn

