RNBQKBNR
PPPPPPPP
 _ _ _ _
_ _ _ _ 
 _ _ _ _
_ _ _ _ 
pppppppp
rnbqkbnr

it is White's turn
RNBQKBNR
PPPPPPPP
 _ _ _ _
_ _ _ _ 
 _ _ _ _
_ _ p _ 
pppp ppp
rnbqkbnr

it is Black's turn
RNBQKBNR
PPP PPPP
 _ P _ _
_ _ _ _ 
 _ _ _ _
_ _ p _ 
pppp ppp
rnbqkbnr

it is White's turn
RNBQKBNR
PPP PPPP
 _ P _ _
_ _ _ _ 
 _ _ _ _
_ _ p _ 
ppppbppp
rnbqk nr

it is Black's turn
RN QKBNR
PPPBPPPP
 _ P _ _
_ _ _ _ 
 _ _ _ _
_ _ p _ 
ppppbppp
rnbqk nr

it is White's turn
RN QKBNR
PPPBPPPP
 _ P _ _
_ _ _ _b
 _ _ _ _
_ _ p _ 
pppp ppp
rnbqk nr

it is Black's turn
RN QKBNR
PPP PPPP
 _ P _ _
_ _ _ _b
B_ _ _ _
_ _ p _ 
pppp ppp
rnbqk nr

it is White's turn

