RNBQKBNR
PPPPPPPP
 _ _ _ _
_ _ _ _ 
 _ _ _ _
_ _ _ _ 
pppppppp
rnbqkbnr

it is White's turn
RNBQKBNR
PPPPPPPP
 _ _ _ _
_ _ _ _ 
 _ _ _ _
p _ _ _ 
 ppppppp
rnbqkbnr

it is Black's turn
R_BQKBNR
PPPPPPPP
 _N_ _ _
_ _ _ _ 
 _ _ _ _
p _ _ _ 
 ppppppp
rnbqkbnr

it is White's turn

