RNBQKBNR
PPPPPPPP
 _ _ _ _
_ _ _ _ 
 _ _ _ _
_ _ _ _ 
pppppppp
rnbqkbnr

it is White's turn
RNBQKBNR
PPPPPPPP
 _ _ _ _
_ _ _ _ 
 _ _ _ _
p _ _ _ 
 ppppppp
rnbqkbnr

it is Black's turn
RNBQKB R
PPPPPPPP
 _ _ N _
_ _ _ _ 
 _ _ _ _
p _ _ _ 
 ppppppp
rnbqkbnr

it is White's turn

