RNBQKBNR
PPPPPPPP
 _ _ _ _
_ _ _ _ 
 _ _ _ _
_ _ _ _ 
pppppppp
rnbqkbnr

it is White's turn
RNBQKBNR
PPPPPPPP
 _ _ _ _
_ _ _ _ 
 _ _ _ p
_ _ _ _ 
ppppppp_
rnbqkbnr

it is Black's turn
RNBQKBNR
_PPPPPPP
P_ _ _ _
_ _ _ _ 
 _ _ _ p
_ _ _ _ 
ppppppp_
rnbqkbnr

it is White's turn
RNBQKBNR
_PPPPPPP
P_ _ _ _
_ _ _ _ 
 _ _ _ p
_ _ _ _r
ppppppp_
rnbqkbn 

it is Black's turn

