RNBQKBNR
PPPPPPPP
 _ _ _ _
_ _ _ _ 
 _ _ _ _
_ _ _ _ 
pppppppp
rnbqkbnr

it is White's turn
RNBQKBNR
PPPPPPPP
 _ _ _ _
_ _ _ _ 
 _ _ _ _
_ _ _n_ 
pppppppp
rnbqkb_r

it is Black's turn

