RNBQKBNR
PPPPPPPP
 _ _ _ _
_ _ _ _ 
 _ _ _ _
_ _ _ _ 
pppppppp
rnbqkbnr

it is White's turn
RNBQKBNR
PPPPPPPP
 _ _ _ _
_ _ _ _ 
 _ _ _ _
p _ _ _ 
 ppppppp
rnbqkbnr

it is Black's turn
RNBQKBNR
_PPPPPPP
 _ _ _ _
P _ _ _ 
 _ _ _ _
p _ _ _ 
 ppppppp
rnbqkbnr

it is White's turn
RNBQKBNR
_PPPPPPP
 _ _ _ _
P _ _ _ 
p_ _ _ _
_ _ _ _ 
 ppppppp
rnbqkbnr

it is Black's turn
 NBQKBNR
_PPPPPPP
R_ _ _ _
P _ _ _ 
p_ _ _ _
_ _ _ _ 
 ppppppp
rnbqkbnr

it is White's turn

