RNBQKBNR
PPPPPPPP
 _ _ _ _
_ _ _ _ 
 _ _ _ _
_ _ _ _ 
pppppppp
rnbqkbnr

it is White's turn
RNBQKBNR
PPPPPPPP
 _ _ _ _
_ _ _ _ 
 _ _ _ _
p _ _ _ 
 ppppppp
rnbqkbnr

it is Black's turn
RNBQKBNR
PPPPPPP 
 _ _ _ _
_ _ _ _P
 _ _ _ _
p _ _ _ 
 ppppppp
rnbqkbnr

it is White's turn
RNBQKBNR
PPPPPPP 
 _ _ _ _
_ _ _ _P
p_ _ _ _
_ _ _ _ 
 ppppppp
rnbqkbnr

it is Black's turn
RNBQKBN_
PPPPPPP 
 _ _ _ R
_ _ _ _P
p_ _ _ _
_ _ _ _ 
 ppppppp
rnbqkbnr

it is White's turn

