RNBQKBNR
PPPPPPPP
 _ _ _ _
_ _ _ _ 
 _ _ _ _
_ _ _ _ 
pppppppp
rnbqkbnr

it is White's turn
RNBQKBNR
PPPPPPPP
 _ _ _ _
_ _ _ _ 
p_ _ _ _
_ _ _ _ 
 ppppppp
rnbqkbnr

it is Black's turn
RNBQKBNR
_PPPPPPP
P_ _ _ _
_ _ _ _ 
p_ _ _ _
_ _ _ _ 
 ppppppp
rnbqkbnr

it is White's turn

